// Jest Snapshot v1, https://goo.gl/fbAQLP

exports[`JsonDropzone should render correctly when on drag is active 1`] = `
<div>
  <input
    className="dropzone-input"
    id="id value"
  />
  <div
    className="text-center"
  >
    <p
      className="dropzone-content"
    >
      Release to drop the files here
    </p>
  </div>
</div>
`;

exports[`JsonDropzone should render correctly when on drag is not active 1`] = `
<div
  _isMockFunction={true}
  getMockImplementation={[Function]}
  getMockName={[Function]}
  mock={
    Object {
      "calls": Array [],
      "instances": Array [],
      "invocationCallOrder": Array [],
      "results": Array [],
    }
  }
  mockClear={[Function]}
  mockImplementation={[Function]}
  mockImplementationOnce={[Function]}
  mockName={[Function]}
  mockRejectedValue={[Function]}
  mockRejectedValueOnce={[Function]}
  mockReset={[Function]}
  mockResolvedValue={[Function]}
  mockResolvedValueOnce={[Function]}
  mockRestore={[Function]}
  mockReturnThis={[Function]}
  mockReturnValue={[Function]}
  mockReturnValueOnce={[Function]}
>
  <input
    _isMockFunction={true}
    className="dropzone-input"
    getMockImplementation={[Function]}
    getMockName={[Function]}
    id="id value"
    mock={
      Object {
        "calls": Array [],
        "instances": Array [],
        "invocationCallOrder": Array [],
        "results": Array [],
      }
    }
    mockClear={[Function]}
    mockImplementation={[Function]}
    mockImplementationOnce={[Function]}
    mockName={[Function]}
    mockRejectedValue={[Function]}
    mockRejectedValueOnce={[Function]}
    mockReset={[Function]}
    mockResolvedValue={[Function]}
    mockResolvedValueOnce={[Function]}
    mockRestore={[Function]}
    mockReturnThis={[Function]}
    mockReturnValue={[Function]}
    mockReturnValueOnce={[Function]}
  />
  <div
    className="text-center"
  >
    <p
      className="dropzone-content"
    >
      Drag 'n' drop your .json configuration file
    </p>
  </div>
</div>
`;
